// Jest Snapshot v1, https://goo.gl/fbAQLP

exports[`common/footer renders correctly 1`] = `<Unknown />`;
