// Jest Snapshot v1, https://goo.gl/fbAQLP

exports[`common/header renders correctly 1`] = `<Unknown />`;
